#
# There is insufficient memory for the Java Runtime Environment to continue.
# Native memory allocation (malloc) failed to allocate 1048576 bytes. Error detail: AllocateHeap
# Possible reasons:
#   The system is out of physical RAM or swap space
#   This process is running with CompressedOops enabled, and the Java Heap may be blocking the growth of the native heap
# Possible solutions:
#   Reduce memory load on the system
#   Increase physical memory or swap space
#   Check if swap backing store is full
#   Decrease Java heap size (-Xmx/-Xms)
#   Decrease number of Java threads
#   Decrease Java thread stack sizes (-Xss)
#   Set larger code cache with -XX:ReservedCodeCacheSize=
#   JVM is running with Unscaled Compressed Oops mode in which the Java heap is
#     placed in the first 4GB address space. The Java Heap base address is the
#     maximum limit for the native heap growth. Please use -XX:HeapBaseMinAddress
#     to set the Java Heap base and to place the Java Heap above 4GB virtual address.
# This output file may be truncated or incomplete.
#
#  Out of Memory Error (allocation.cpp:44), pid=12232, tid=6296
#
# JRE version: OpenJDK Runtime Environment Temurin-21.0.10+7 (21.0.10+7) (build 21.0.10+7-LTS)
# Java VM: OpenJDK 64-Bit Server VM Temurin-21.0.10+7 (21.0.10+7-LTS, mixed mode, sharing, tiered, compressed oops, compressed class ptrs, parallel gc, windows-amd64)
# No core dump will be written. Minidumps are not enabled by default on client versions of Windows
#

---------------  S U M M A R Y ------------

Command Line: --add-modules=ALL-SYSTEM --add-opens=java.base/java.util=ALL-UNNAMED --add-opens=java.base/java.lang=ALL-UNNAMED --add-opens=java.base/sun.nio.fs=ALL-UNNAMED -Declipse.application=org.eclipse.jdt.ls.core.id1 -Dosgi.bundles.defaultStartLevel=4 -Declipse.product=org.eclipse.jdt.ls.core.product -Djava.import.generatesMetadataFilesAtProjectRoot=false -DDetectVMInstallationsJob.disabled=true -Dfile.encoding=utf8 -XX:+UseParallelGC -XX:GCTimeRatio=4 -XX:AdaptiveSizePolicyWeight=90 -Dsun.zip.disableMemoryMapping=true -Xmx2G -Xms100m -Xlog:disable -javaagent:c:\Users\novad\.vscode\extensions\redhat.java-1.54.0-win32-x64\lombok\lombok-1.18.39-4050.jar -XX:+HeapDumpOnOutOfMemoryError -XX:HeapDumpPath=c:\Users\novad\AppData\Roaming\Code\User\workspaceStorage\581c4fbca0d7b61cfb88c04020745edc\redhat.java -Daether.dependencyCollector.impl=bf c:\Users\novad\.vscode\extensions\redhat.java-1.54.0-win32-x64\server\plugins\org.eclipse.equinox.launcher_1.7.100.v20251111-0406.jar -configuration c:\Users\novad\AppData\Roaming\Code\User\globalStorage\redhat.java\1.54.0\config_win -data c:\Users\novad\AppData\Roaming\Code\User\workspaceStorage\581c4fbca0d7b61cfb88c04020745edc\redhat.java\jdt_ws --pipe=\\.\pipe\lsp-7b2cf10c4ffdff4c35489fdfa57e06d3-sock

Host: 13th Gen Intel(R) Core(TM) i5-13420H, 12 cores, 15G,  Windows 11 , 64 bit Build 26100 (10.0.26100.8328)
Time: Fri Jun  5 21:58:38 2026 Hora oficial do Brasil elapsed time: 7937.771023 seconds (0d 2h 12m 17s)

---------------  T H R E A D  ---------------

Current thread (0x00000166994da350):  JavaThread "Attach Listener" daemon [_thread_in_vm, id=6296, stack(0x0000000b4c700000,0x0000000b4c800000) (1024K)]

Stack: [0x0000000b4c700000,0x0000000b4c800000]
Native frames: (J=compiled Java code, j=interpreted, Vv=VM code, C=native code)
V  [jvm.dll+0x6d7a39]
V  [jvm.dll+0x8b4b26]
V  [jvm.dll+0x8b70de]
V  [jvm.dll+0x8b77c3]
V  [jvm.dll+0x284346]
V  [jvm.dll+0xc1277]
V  [jvm.dll+0x6d82e9]
V  [jvm.dll+0x1334a6]
V  [jvm.dll+0x3f857e]
V  [jvm.dll+0x85f59d]
V  [jvm.dll+0x6d626d]
C  [ucrtbase.dll+0x37b0]
C  [KERNEL32.DLL+0x2e957]
C  [ntdll.dll+0x427c]


---------------  P R O C E S S  ---------------

Threads class SMR info:
_java_thread_list=0x00000166faa0d030, length=38, elements={
0x000001669942d230, 0x00000166994d0fd0, 0x00000166994d4260, 0x00000166994d7560,
0x00000166994da350, 0x00000166994dc310, 0x00000166994e02e0, 0x00000166994ed330,
0x00000166f2247800, 0x00000166f245af20, 0x00000166f32733d0, 0x00000166f398db20,
0x00000166f8177d70, 0x00000166f344f2b0, 0x00000166f3450130, 0x00000166f35118d0,
0x00000166f2389a70, 0x00000166f330abc0, 0x00000166f3428220, 0x00000166f3429c60,
0x00000166f342a2f0, 0x00000166f3426e70, 0x00000166f3428f40, 0x00000166f34295d0,
0x00000166f98b7ff0, 0x00000166f98bade0, 0x00000166f98b7960, 0x00000166f98ba0c0,
0x00000166f98bbb00, 0x00000166f98bb470, 0x00000166f98b8680, 0x00000166f98bc190,
0x00000166f98b8d10, 0x00000166f98b93a0, 0x00000166f98bc820, 0x00000166f98bceb0,
0x00000166f98b9a30, 0x00000166f98ba750
}

Java Threads: ( => current thread )
  0x000001669942d230 JavaThread "main"                              [_thread_blocked, id=12088, stack(0x0000000b4c000000,0x0000000b4c100000) (1024K)]
  0x00000166994d0fd0 JavaThread "Reference Handler"          daemon [_thread_blocked, id=13040, stack(0x0000000b4c400000,0x0000000b4c500000) (1024K)]
  0x00000166994d4260 JavaThread "Finalizer"                  daemon [_thread_blocked, id=4992, stack(0x0000000b4c500000,0x0000000b4c600000) (1024K)]
  0x00000166994d7560 JavaThread "Signal Dispatcher"          daemon [_thread_blocked, id=7028, stack(0x0000000b4c600000,0x0000000b4c700000) (1024K)]
=>0x00000166994da350 JavaThread "Attach Listener"            daemon [_thread_in_vm, id=6296, stack(0x0000000b4c700000,0x0000000b4c800000) (1024K)]
  0x00000166994dc310 JavaThread "Service Thread"             daemon [_thread_blocked, id=19492, stack(0x0000000b4c800000,0x0000000b4c900000) (1024K)]
  0x00000166994e02e0 JavaThread "Monitor Deflation Thread"   daemon [_thread_blocked, id=20968, stack(0x0000000b4c900000,0x0000000b4ca00000) (1024K)]
  0x00000166994ed330 JavaThread "C2 CompilerThread0"         daemon [_thread_blocked, id=9144, stack(0x0000000b4ca00000,0x0000000b4cb00000) (1024K)]
  0x00000166f2247800 JavaThread "C1 CompilerThread0"         daemon [_thread_blocked, id=8516, stack(0x0000000b4cb00000,0x0000000b4cc00000) (1024K)]
  0x00000166f245af20 JavaThread "Common-Cleaner"             daemon [_thread_blocked, id=12344, stack(0x0000000b4cc00000,0x0000000b4cd00000) (1024K)]
  0x00000166f32733d0 JavaThread "Notification Thread"        daemon [_thread_blocked, id=15412, stack(0x0000000b4ce00000,0x0000000b4cf00000) (1024K)]
  0x00000166f398db20 JavaThread "Active Thread: Equinox Container: 9c178f82-1abd-4f65-85e9-92be7f640182"        [_thread_blocked, id=9464, stack(0x0000000b4d600000,0x0000000b4d700000) (1024K)]
  0x00000166f8177d70 JavaThread "Refresh Thread: Equinox Container: 9c178f82-1abd-4f65-85e9-92be7f640182" daemon [_thread_blocked, id=5308, stack(0x0000000b4cf00000,0x0000000b4d000000) (1024K)]
  0x00000166f344f2b0 JavaThread "Framework Event Dispatcher: Equinox Container: 9c178f82-1abd-4f65-85e9-92be7f640182" daemon [_thread_blocked, id=15256, stack(0x0000000b4d700000,0x0000000b4d800000) (1024K)]
  0x00000166f3450130 JavaThread "Start Level: Equinox Container: 9c178f82-1abd-4f65-85e9-92be7f640182" daemon [_thread_blocked, id=21460, stack(0x0000000b4d800000,0x0000000b4d900000) (1024K)]
  0x00000166f35118d0 JavaThread "Bundle File Closer"         daemon [_thread_blocked, id=1464, stack(0x0000000b4db00000,0x0000000b4dc00000) (1024K)]
  0x00000166f2389a70 JavaThread "SCR Component Actor"        daemon [_thread_blocked, id=4004, stack(0x0000000b4bf00000,0x0000000b4c000000) (1024K)]
  0x00000166f330abc0 JavaThread "Worker-JM"                         [_thread_blocked, id=20500, stack(0x0000000b4dd00000,0x0000000b4de00000) (1024K)]
  0x00000166f3428220 JavaThread "JNA Cleaner"                daemon [_thread_blocked, id=14172, stack(0x0000000b4dc00000,0x0000000b4dd00000) (1024K)]
  0x00000166f3429c60 JavaThread "Worker-0"                          [_thread_blocked, id=21412, stack(0x0000000b4de00000,0x0000000b4df00000) (1024K)]
  0x00000166f342a2f0 JavaThread "Worker-2"                          [_thread_blocked, id=1604, stack(0x0000000b4e100000,0x0000000b4e200000) (1024K)]
  0x00000166f3426e70 JavaThread "Java indexing"              daemon [_thread_blocked, id=24872, stack(0x0000000b4e300000,0x0000000b4e400000) (1024K)]
  0x00000166f3428f40 JavaThread "Thread-1"                   daemon [_thread_in_native, id=4920, stack(0x0000000b4e800000,0x0000000b4e900000) (1024K)]
  0x00000166f34295d0 JavaThread "Thread-2"                   daemon [_thread_in_native, id=22712, stack(0x0000000b4e900000,0x0000000b4ea00000) (1024K)]
  0x00000166f98b7ff0 JavaThread "Thread-3"                   daemon [_thread_in_native, id=4376, stack(0x0000000b4ea00000,0x0000000b4eb00000) (1024K)]
  0x00000166f98bade0 JavaThread "Thread-4"                   daemon [_thread_in_native, id=22768, stack(0x0000000b4eb00000,0x0000000b4ec00000) (1024K)]
  0x00000166f98b7960 JavaThread "Thread-5"                   daemon [_thread_in_native, id=17556, stack(0x0000000b4ec00000,0x0000000b4ed00000) (1024K)]
  0x00000166f98ba0c0 JavaThread "Thread-6"                   daemon [_thread_in_native, id=11096, stack(0x0000000b4ed00000,0x0000000b4ee00000) (1024K)]
  0x00000166f98bbb00 JavaThread "Thread-7"                   daemon [_thread_in_native, id=13264, stack(0x0000000b4ee00000,0x0000000b4ef00000) (1024K)]
  0x00000166f98bb470 JavaThread "Thread-8"                   daemon [_thread_in_native, id=8784, stack(0x0000000b4ef00000,0x0000000b4f000000) (1024K)]
  0x00000166f98b8680 JavaThread "Thread-9"                   daemon [_thread_in_native, id=14008, stack(0x0000000b4f000000,0x0000000b4f100000) (1024K)]
  0x00000166f98bc190 JavaThread "Thread-10"                  daemon [_thread_in_native, id=11864, stack(0x0000000b4f100000,0x0000000b4f200000) (1024K)]
  0x00000166f98b8d10 JavaThread "Thread-11"                  daemon [_thread_in_native, id=10048, stack(0x0000000b4f200000,0x0000000b4f300000) (1024K)]
  0x00000166f98b93a0 JavaThread "Thread-12"                  daemon [_thread_in_native, id=22556, stack(0x0000000b4f300000,0x0000000b4f400000) (1024K)]
  0x00000166f98bc820 JavaThread "Thread-13"                  daemon [_thread_in_native, id=14232, stack(0x0000000b4f400000,0x0000000b4f500000) (1024K)]
  0x00000166f98bceb0 JavaThread "pool-2-thread-1"                   [_thread_blocked, id=23452, stack(0x0000000b4f500000,0x0000000b4f600000) (1024K)]
  0x00000166f98b9a30 JavaThread "WorkspaceEventsHandler"            [_thread_blocked, id=19064, stack(0x0000000b4f600000,0x0000000b4f700000) (1024K)]
  0x00000166f98ba750 JavaThread "pool-1-thread-1"                   [_thread_blocked, id=24816, stack(0x0000000b4f700000,0x0000000b4f800000) (1024K)]
Total: 38

Other Threads:
  0x00000166afec47a0 VMThread "VM Thread"                           [id=23556, stack(0x0000000b4c300000,0x0000000b4c400000) (1024K)]
  0x00000166afdbba00 WatcherThread "VM Periodic Task Thread"        [id=11904, stack(0x0000000b4c200000,0x0000000b4c300000) (1024K)]
  0x000001669944c8c0 WorkerThread "GC Thread#0"                     [id=9128, stack(0x0000000b4c100000,0x0000000b4c200000) (1024K)]
  0x00000166f25b8910 WorkerThread "GC Thread#1"                     [id=12784, stack(0x0000000b4d000000,0x0000000b4d100000) (1024K)]
  0x00000166f25b9070 WorkerThread "GC Thread#2"                     [id=14804, stack(0x0000000b4d100000,0x0000000b4d200000) (1024K)]
  0x00000166f25b8cc0 WorkerThread "GC Thread#3"                     [id=17916, stack(0x0000000b4d200000,0x0000000b4d300000) (1024K)]
  0x00000166f25b9420 WorkerThread "GC Thread#4"                     [id=10012, stack(0x0000000b4d300000,0x0000000b4d400000) (1024K)]
  0x00000166f25b97d0 WorkerThread "GC Thread#5"                     [id=4996, stack(0x0000000b4d400000,0x0000000b4d500000) (1024K)]
  0x00000166f25b9b80 WorkerThread "GC Thread#6"                     [id=2032, stack(0x0000000b4d500000,0x0000000b4d600000) (1024K)]
  0x00000166f3652750 WorkerThread "GC Thread#7"                     [id=3820, stack(0x0000000b4cd00000,0x0000000b4ce00000) (1024K)]
  0x00000166f3655af0 WorkerThread "GC Thread#8"                     [id=15172, stack(0x0000000b4d900000,0x0000000b4da00000) (1024K)]
  0x00000166f3655740 WorkerThread "GC Thread#9"                     [id=20628, stack(0x0000000b4da00000,0x0000000b4db00000) (1024K)]
Total: 12

Threads with active compile tasks:
Total: 0

VM state: not at safepoint (normal execution)

VM Mutex/Monitor currently owned by a thread: None

Heap address: 0x0000000080000000, size: 2048 MB, Compressed Oops mode: 32-bit

CDS archive(s) mapped at: [0x00000166b0000000-0x00000166b0ba0000-0x00000166b0ba0000), size 12189696, SharedBaseAddress: 0x00000166b0000000, ArchiveRelocationMode: 1.
Compressed class space mapped at: 0x00000166b1000000-0x00000166f1000000, reserved size: 1073741824
Narrow klass base: 0x00000166b0000000, Narrow klass shift: 0, Narrow klass range: 0x100000000

GC Precious Log:
 CardTable entry size: 512
 CPUs: 12 total, 12 available
 Memory: 16087M
 Large Page Support: Disabled
 NUMA Support: Disabled
 Compressed Oops: Enabled (32-bit)
 Alignments: Space 512K, Generation 512K, Heap 2M
 Heap Min Capacity: 100M
 Heap Initial Capacity: 100M
 Heap Max Capacity: 2G
 Pre-touch: Disabled
 Parallel Workers: 10

Heap:
 PSYoungGen      total 20480K, used 19077K [0x00000000d5580000, 0x00000000d6b00000, 0x0000000100000000)
  eden space 18944K, 93% used [0x00000000d5580000,0x00000000d66cf8b8,0x00000000d6800000)
  from space 1536K, 87% used [0x00000000d6880000,0x00000000d69d1d80,0x00000000d6a00000)
  to   space 1024K, 0% used [0x00000000d6a00000,0x00000000d6a00000,0x00000000d6b00000)
 ParOldGen       total 86528K, used 67293K [0x0000000080000000, 0x0000000085480000, 0x00000000d5580000)
  object space 86528K, 77% used [0x0000000080000000,0x00000000841b7408,0x0000000085480000)
 Metaspace       used 62191K, committed 63616K, reserved 1114112K
  class space    used 6593K, committed 7168K, reserved 1048576K

Card table byte_map: [0x0000016698df0000,0x0000016699200000] _byte_map_base: 0x00000166989f0000

Marking Bits: (ParMarkBitMap*) 0x00007ffde4e53450
 Begin Bits: [0x00000166ab8e0000, 0x00000166ad8e0000)
 End Bits:   [0x00000166ad8e0000, 0x00000166af8e0000)

Polling page: 0x0000016697430000

Metaspace:

Usage:
  Non-class:     54.30 MB used.
      Class:      6.44 MB used.
       Both:     60.73 MB used.

Virtual space:
  Non-class space:       64.00 MB reserved,      55.12 MB ( 86%) committed,  1 nodes.
      Class space:        1.00 GB reserved,       7.00 MB ( <1%) committed,  1 nodes.
             Both:        1.06 GB reserved,      62.12 MB (  6%) committed. 

Chunk freelists:
   Non-Class:  8.36 MB
       Class:  8.81 MB
        Both:  17.17 MB

MaxMetaspaceSize: unlimited
CompressedClassSpaceSize: 1.00 GB
Initial GC threshold: 21.00 MB
Current GC threshold: 97.31 MB
CDS: on
 - commit_granule_bytes: 65536.
 - commit_granule_words: 8192.
 - virtual_space_node_default_size: 8388608.
 - enlarge_chunks_in_place: 1.
 - use_allocation_guard: 0.


Internal statistics:

num_allocs_failed_limit: 9.
num_arena_births: 1218.
num_arena_deaths: 22.
num_vsnodes_births: 2.
num_vsnodes_deaths: 0.
num_space_committed: 994.
num_space_uncommitted: 0.
num_chunks_returned_to_freelist: 34.
num_chunks_taken_from_freelist: 4158.
num_chunk_merges: 13.
num_chunk_splits: 2545.
num_chunks_enlarged: 1400.
num_inconsistent_stats: 0.

CodeHeap 'non-profiled nmethods': size=120000Kb used=8138Kb max_used=8138Kb free=111861Kb
 bounds [0x00000166a4100000, 0x00000166a4900000, 0x00000166ab630000]
CodeHeap 'profiled nmethods': size=120000Kb used=23711Kb max_used=23711Kb free=96288Kb
 bounds [0x000001669c630000, 0x000001669dd60000, 0x00000166a3b60000]
CodeHeap 'non-nmethods': size=5760Kb used=1415Kb max_used=1463Kb free=4344Kb
 bounds [0x00000166a3b60000, 0x00000166a3dd0000, 0x00000166a4100000]
CodeCache: size=245760Kb, used=33264Kb, max_used=33312Kb, free=212493Kb
 total_blobs=11133, nmethods=10406, adapters=633, full_count=0
Compilation: enabled, stopped_count=0, restarted_count=0

Compilation events (20 events):
Event: 6833.991 Thread 0x00000166f2247800 11228       3       jdk.internal.logger.DefaultLoggerFinder::isSystem (18 bytes)
Event: 6833.993 Thread 0x00000166f2247800 nmethod 11228 0x000001669dd54410 code [0x000001669dd54660, 0x000001669dd54f70]
Event: 6833.993 Thread 0x00000166f2247800 11229       3       jdk.internal.logger.DefaultLoggerFinder$1::<init> (10 bytes)
Event: 6833.993 Thread 0x00000166f2247800 nmethod 11229 0x000001669dd55310 code [0x000001669dd554c0, 0x000001669dd55648]
Event: 7014.044 Thread 0x00000166f2247800 11230       3       java.util.logging.Logger::getLogger (8 bytes)
Event: 7014.044 Thread 0x00000166f2247800 nmethod 11230 0x000001669dd55710 code [0x000001669dd558e0, 0x000001669dd55aa0]
Event: 7014.044 Thread 0x00000166f2247800 11231       3       java.util.logging.Logger::getLogger (7 bytes)
Event: 7014.044 Thread 0x00000166f2247800 nmethod 11231 0x000001669dd55b90 code [0x000001669dd55d40, 0x000001669dd55e68]
Event: 7198.527 Thread 0x00000166994ed330 11232       4       java.util.concurrent.locks.LockSupport::setBlocker (12 bytes)
Event: 7198.528 Thread 0x00000166994ed330 nmethod 11232 0x00000166a48f2390 code [0x00000166a48f2500, 0x00000166a48f2588]
Event: 7323.896 Thread 0x00000166f2247800 11233   !   3       org.eclipse.osgi.container.ModuleDatabase::getTimestamp (25 bytes)
Event: 7323.900 Thread 0x00000166f2247800 nmethod 11233 0x000001669dd55f10 code [0x000001669dd56160, 0x000001669dd56aa8]
Event: 7353.909 Thread 0x00000166994ed330 11234       4       java.util.concurrent.locks.AbstractQueuedSynchronizer$Node::setStatusRelaxed (12 bytes)
Event: 7353.911 Thread 0x00000166994ed330 nmethod 11234 0x00000166a48f2690 code [0x00000166a48f2820, 0x00000166a48f28b0]
Event: 7413.927 Thread 0x00000166f2247800 11235       3       org.eclipse.osgi.storage.Storage::isReadOnly (10 bytes)
Event: 7413.929 Thread 0x00000166f2247800 nmethod 11235 0x000001669dd56f10 code [0x000001669dd570c0, 0x000001669dd57240]
Event: 7684.001 Thread 0x00000166f2247800 11236   !   3       org.eclipse.osgi.internal.framework.StorageSaver$StorageSaverTask::run (31 bytes)
Event: 7684.006 Thread 0x00000166f2247800 nmethod 11236 0x000001669dd57310 code [0x000001669dd574e0, 0x000001669dd57780]
Event: 7684.006 Thread 0x00000166f2247800 11237   !   3       org.eclipse.osgi.storage.Storage::save (62 bytes)
Event: 7684.007 Thread 0x00000166f2247800 nmethod 11237 0x000001669dd57910 code [0x000001669dd57b00, 0x000001669dd57e70]

GC Heap History (20 events):
Event: 84.906 GC heap before
{Heap before GC invocations=77 (full 2):
 PSYoungGen      total 19456K, used 19456K [0x00000000d5580000, 0x00000000d6a00000, 0x0000000100000000)
  eden space 18944K, 100% used [0x00000000d5580000,0x00000000d6800000,0x00000000d6800000)
  from space 512K, 100% used [0x00000000d6900000,0x00000000d6980000,0x00000000d6980000)
  to   space 1024K, 0% used [0x00000000d6800000,0x00000000d6800000,0x00000000d6900000)
 ParOldGen       total 81920K, used 81707K [0x0000000080000000, 0x0000000085000000, 0x00000000d5580000)
  object space 81920K, 99% used [0x0000000080000000,0x0000000084fcaf80,0x0000000085000000)
 Metaspace       used 54526K, committed 55936K, reserved 1114112K
  class space    used 5775K, committed 6400K, reserved 1048576K
}
Event: 84.910 GC heap after
{Heap after GC invocations=77 (full 2):
 PSYoungGen      total 19968K, used 640K [0x00000000d5580000, 0x00000000d6a00000, 0x0000000100000000)
  eden space 18944K, 0% used [0x00000000d5580000,0x00000000d5580000,0x00000000d6800000)
  from space 1024K, 62% used [0x00000000d6800000,0x00000000d68a0000,0x00000000d6900000)
  to   space 1024K, 0% used [0x00000000d6900000,0x00000000d6900000,0x00000000d6a00000)
 ParOldGen       total 83456K, used 82867K [0x0000000080000000, 0x0000000085180000, 0x00000000d5580000)
  object space 83456K, 99% used [0x0000000080000000,0x00000000850ecf80,0x0000000085180000)
 Metaspace       used 54526K, committed 55936K, reserved 1114112K
  class space    used 5775K, committed 6400K, reserved 1048576K
}
Event: 84.987 GC heap before
{Heap before GC invocations=78 (full 2):
 PSYoungGen      total 19968K, used 19584K [0x00000000d5580000, 0x00000000d6a00000, 0x0000000100000000)
  eden space 18944K, 100% used [0x00000000d5580000,0x00000000d6800000,0x00000000d6800000)
  from space 1024K, 62% used [0x00000000d6800000,0x00000000d68a0000,0x00000000d6900000)
  to   space 1024K, 0% used [0x00000000d6900000,0x00000000d6900000,0x00000000d6a00000)
 ParOldGen       total 83456K, used 82867K [0x0000000080000000, 0x0000000085180000, 0x00000000d5580000)
  object space 83456K, 99% used [0x0000000080000000,0x00000000850ecf80,0x0000000085180000)
 Metaspace       used 54547K, committed 56000K, reserved 1114112K
  class space    used 5775K, committed 6400K, reserved 1048576K
}
Event: 84.990 GC heap after
{Heap after GC invocations=78 (full 2):
 PSYoungGen      total 19968K, used 640K [0x00000000d5580000, 0x00000000d6a00000, 0x0000000100000000)
  eden space 18944K, 0% used [0x00000000d5580000,0x00000000d5580000,0x00000000d6800000)
  from space 1024K, 62% used [0x00000000d6900000,0x00000000d69a0000,0x00000000d6a00000)
  to   space 1024K, 0% used [0x00000000d6800000,0x00000000d6800000,0x00000000d6900000)
 ParOldGen       total 83456K, used 83323K [0x0000000080000000, 0x0000000085180000, 0x00000000d5580000)
  object space 83456K, 99% used [0x0000000080000000,0x000000008515ef80,0x0000000085180000)
 Metaspace       used 54547K, committed 56000K, reserved 1114112K
  class space    used 5775K, committed 6400K, reserved 1048576K
}
Event: 85.274 GC heap before
{Heap before GC invocations=79 (full 2):
 PSYoungGen      total 19968K, used 19584K [0x00000000d5580000, 0x00000000d6a00000, 0x0000000100000000)
  eden space 18944K, 100% used [0x00000000d5580000,0x00000000d6800000,0x00000000d6800000)
  from space 1024K, 62% used [0x00000000d6900000,0x00000000d69a0000,0x00000000d6a00000)
  to   space 1024K, 0% used [0x00000000d6800000,0x00000000d6800000,0x00000000d6900000)
 ParOldGen       total 83456K, used 83323K [0x0000000080000000, 0x0000000085180000, 0x00000000d5580000)
  object space 83456K, 99% used [0x0000000080000000,0x000000008515ef80,0x0000000085180000)
 Metaspace       used 54774K, committed 56128K, reserved 1114112K
  class space    used 5800K, committed 6400K, reserved 1048576K
}
Event: 85.279 GC heap after
{Heap after GC invocations=79 (full 2):
 PSYoungGen      total 19968K, used 1022K [0x00000000d5580000, 0x00000000d6d00000, 0x0000000100000000)
  eden space 18944K, 0% used [0x00000000d5580000,0x00000000d5580000,0x00000000d6800000)
  from space 1024K, 99% used [0x00000000d6800000,0x00000000d68ffaf8,0x00000000d6900000)
  to   space 2560K, 0% used [0x00000000d6a80000,0x00000000d6a80000,0x00000000d6d00000)
 ParOldGen       total 84480K, used 84211K [0x0000000080000000, 0x0000000085280000, 0x00000000d5580000)
  object space 84480K, 99% used [0x0000000080000000,0x000000008523ce58,0x0000000085280000)
 Metaspace       used 54774K, committed 56128K, reserved 1114112K
  class space    used 5800K, committed 6400K, reserved 1048576K
}
Event: 85.459 GC heap before
{Heap before GC invocations=80 (full 2):
 PSYoungGen      total 19968K, used 19966K [0x00000000d5580000, 0x00000000d6d00000, 0x0000000100000000)
  eden space 18944K, 100% used [0x00000000d5580000,0x00000000d6800000,0x00000000d6800000)
  from space 1024K, 99% used [0x00000000d6800000,0x00000000d68ffaf8,0x00000000d6900000)
  to   space 2560K, 0% used [0x00000000d6a80000,0x00000000d6a80000,0x00000000d6d00000)
 ParOldGen       total 84480K, used 84211K [0x0000000080000000, 0x0000000085280000, 0x00000000d5580000)
  object space 84480K, 99% used [0x0000000080000000,0x000000008523ce58,0x0000000085280000)
 Metaspace       used 56212K, committed 57536K, reserved 1114112K
  class space    used 5963K, committed 6528K, reserved 1048576K
}
Event: 85.463 GC heap after
{Heap after GC invocations=80 (full 2):
 PSYoungGen      total 20480K, used 1088K [0x00000000d5580000, 0x00000000d6c00000, 0x0000000100000000)
  eden space 18944K, 0% used [0x00000000d5580000,0x00000000d5580000,0x00000000d6800000)
  from space 1536K, 70% used [0x00000000d6a80000,0x00000000d6b90010,0x00000000d6c00000)
  to   space 1536K, 0% used [0x00000000d6900000,0x00000000d6900000,0x00000000d6a80000)
 ParOldGen       total 85504K, used 85009K [0x0000000080000000, 0x0000000085380000, 0x00000000d5580000)
  object space 85504K, 99% used [0x0000000080000000,0x0000000085304548,0x0000000085380000)
 Metaspace       used 56212K, committed 57536K, reserved 1114112K
  class space    used 5963K, committed 6528K, reserved 1048576K
}
Event: 86.155 GC heap before
{Heap before GC invocations=81 (full 2):
 PSYoungGen      total 20480K, used 20005K [0x00000000d5580000, 0x00000000d6c00000, 0x0000000100000000)
  eden space 18944K, 99% used [0x00000000d5580000,0x00000000d67f95e8,0x00000000d6800000)
  from space 1536K, 70% used [0x00000000d6a80000,0x00000000d6b90010,0x00000000d6c00000)
  to   space 1536K, 0% used [0x00000000d6900000,0x00000000d6900000,0x00000000d6a80000)
 ParOldGen       total 85504K, used 85009K [0x0000000080000000, 0x0000000085380000, 0x00000000d5580000)
  object space 85504K, 99% used [0x0000000080000000,0x0000000085304548,0x0000000085380000)
 Metaspace       used 57538K, committed 58944K, reserved 1114112K
  class space    used 6126K, committed 6720K, reserved 1048576K
}
Event: 86.158 GC heap after
{Heap after GC invocations=81 (full 2):
 PSYoungGen      total 19968K, used 724K [0x00000000d5580000, 0x00000000d6b00000, 0x0000000100000000)
  eden space 18944K, 0% used [0x00000000d5580000,0x00000000d5580000,0x00000000d6800000)
  from space 1024K, 70% used [0x00000000d6900000,0x00000000d69b51c0,0x00000000d6a00000)
  to   space 1024K, 0% used [0x00000000d6a00000,0x00000000d6a00000,0x00000000d6b00000)
 ParOldGen       total 86016K, used 85972K [0x0000000080000000, 0x0000000085400000, 0x00000000d5580000)
  object space 86016K, 99% used [0x0000000080000000,0x00000000853f5238,0x0000000085400000)
 Metaspace       used 57538K, committed 58944K, reserved 1114112K
  class space    used 6126K, committed 6720K, reserved 1048576K
}
Event: 86.640 GC heap before
{Heap before GC invocations=82 (full 2):
 PSYoungGen      total 19968K, used 16857K [0x00000000d5580000, 0x00000000d6b00000, 0x0000000100000000)
  eden space 18944K, 85% used [0x00000000d5580000,0x00000000d6541448,0x00000000d6800000)
  from space 1024K, 70% used [0x00000000d6900000,0x00000000d69b51c0,0x00000000d6a00000)
  to   space 1024K, 0% used [0x00000000d6a00000,0x00000000d6a00000,0x00000000d6b00000)
 ParOldGen       total 86016K, used 85972K [0x0000000080000000, 0x0000000085400000, 0x00000000d5580000)
  object space 86016K, 99% used [0x0000000080000000,0x00000000853f5238,0x0000000085400000)
 Metaspace       used 58413K, committed 59776K, reserved 1114112K
  class space    used 6210K, committed 6784K, reserved 1048576K
}
Event: 86.642 GC heap after
{Heap after GC invocations=82 (full 2):
 PSYoungGen      total 19968K, used 724K [0x00000000d5580000, 0x00000000d6b00000, 0x0000000100000000)
  eden space 18944K, 0% used [0x00000000d5580000,0x00000000d5580000,0x00000000d6800000)
  from space 1024K, 70% used [0x00000000d6a00000,0x00000000d6ab51c0,0x00000000d6b00000)
  to   space 1024K, 0% used [0x00000000d6900000,0x00000000d6900000,0x00000000d6a00000)
 ParOldGen       total 86528K, used 86496K [0x0000000080000000, 0x0000000085480000, 0x00000000d5580000)
  object space 86528K, 99% used [0x0000000080000000,0x0000000085478090,0x0000000085480000)
 Metaspace       used 58413K, committed 59776K, reserved 1114112K
  class space    used 6210K, committed 6784K, reserved 1048576K
}
Event: 86.642 GC heap before
{Heap before GC invocations=83 (full 3):
 PSYoungGen      total 19968K, used 724K [0x00000000d5580000, 0x00000000d6b00000, 0x0000000100000000)
  eden space 18944K, 0% used [0x00000000d5580000,0x00000000d5580000,0x00000000d6800000)
  from space 1024K, 70% used [0x00000000d6a00000,0x00000000d6ab51c0,0x00000000d6b00000)
  to   space 1024K, 0% used [0x00000000d6900000,0x00000000d6900000,0x00000000d6a00000)
 ParOldGen       total 86528K, used 86496K [0x0000000080000000, 0x0000000085480000, 0x00000000d5580000)
  object space 86528K, 99% used [0x0000000080000000,0x0000000085478090,0x0000000085480000)
 Metaspace       used 58413K, committed 59776K, reserved 1114112K
  class space    used 6210K, committed 6784K, reserved 1048576K
}
Event: 86.872 GC heap after
{Heap after GC invocations=83 (full 3):
 PSYoungGen      total 19968K, used 0K [0x00000000d5580000, 0x00000000d6b00000, 0x0000000100000000)
  eden space 18944K, 0% used [0x00000000d5580000,0x00000000d5580000,0x00000000d6800000)
  from space 1024K, 0% used [0x00000000d6a00000,0x00000000d6a00000,0x00000000d6b00000)
  to   space 1024K, 0% used [0x00000000d6900000,0x00000000d6900000,0x00000000d6a00000)
 ParOldGen       total 86528K, used 65360K [0x0000000080000000, 0x0000000085480000, 0x00000000d5580000)
  object space 86528K, 75% used [0x0000000080000000,0x0000000083fd4010,0x0000000085480000)
 Metaspace       used 58406K, committed 59776K, reserved 1114112K
  class space    used 6208K, committed 6784K, reserved 1048576K
}
Event: 87.032 GC heap before
{Heap before GC invocations=84 (full 3):
 PSYoungGen      total 19968K, used 18944K [0x00000000d5580000, 0x00000000d6b00000, 0x0000000100000000)
  eden space 18944K, 100% used [0x00000000d5580000,0x00000000d6800000,0x00000000d6800000)
  from space 1024K, 0% used [0x00000000d6a00000,0x00000000d6a00000,0x00000000d6b00000)
  to   space 1024K, 0% used [0x00000000d6900000,0x00000000d6900000,0x00000000d6a00000)
 ParOldGen       total 86528K, used 65360K [0x0000000080000000, 0x0000000085480000, 0x00000000d5580000)
  object space 86528K, 75% used [0x0000000080000000,0x0000000083fd4010,0x0000000085480000)
 Metaspace       used 59304K, committed 60672K, reserved 1114112K
  class space    used 6302K, committed 6912K, reserved 1048576K
}
Event: 87.035 GC heap after
{Heap after GC invocations=84 (full 3):
 PSYoungGen      total 19968K, used 995K [0x00000000d5580000, 0x00000000d6d00000, 0x0000000100000000)
  eden space 18944K, 0% used [0x00000000d5580000,0x00000000d5580000,0x00000000d6800000)
  from space 1024K, 97% used [0x00000000d6900000,0x00000000d69f8ea0,0x00000000d6a00000)
  to   space 2560K, 0% used [0x00000000d6a80000,0x00000000d6a80000,0x00000000d6d00000)
 ParOldGen       total 86528K, used 66644K [0x0000000080000000, 0x0000000085480000, 0x00000000d5580000)
  object space 86528K, 77% used [0x0000000080000000,0x00000000841153f8,0x0000000085480000)
 Metaspace       used 59304K, committed 60672K, reserved 1114112K
  class space    used 6302K, committed 6912K, reserved 1048576K
}
Event: 87.270 GC heap before
{Heap before GC invocations=85 (full 3):
 PSYoungGen      total 19968K, used 19939K [0x00000000d5580000, 0x00000000d6d00000, 0x0000000100000000)
  eden space 18944K, 100% used [0x00000000d5580000,0x00000000d6800000,0x00000000d6800000)
  from space 1024K, 97% used [0x00000000d6900000,0x00000000d69f8ea0,0x00000000d6a00000)
  to   space 2560K, 0% used [0x00000000d6a80000,0x00000000d6a80000,0x00000000d6d00000)
 ParOldGen       total 86528K, used 66644K [0x0000000080000000, 0x0000000085480000, 0x00000000d5580000)
  object space 86528K, 77% used [0x0000000080000000,0x00000000841153f8,0x0000000085480000)
 Metaspace       used 59315K, committed 60672K, reserved 1114112K
  class space    used 6302K, committed 6912K, reserved 1048576K
}
Event: 87.273 GC heap after
{Heap after GC invocations=85 (full 3):
 PSYoungGen      total 19968K, used 982K [0x00000000d5580000, 0x00000000d6b80000, 0x0000000100000000)
  eden space 18944K, 0% used [0x00000000d5580000,0x00000000d5580000,0x00000000d6800000)
  from space 1024K, 95% used [0x00000000d6a80000,0x00000000d6b75a28,0x00000000d6b80000)
  to   space 1536K, 0% used [0x00000000d6880000,0x00000000d6880000,0x00000000d6a00000)
 ParOldGen       total 86528K, used 67277K [0x0000000080000000, 0x0000000085480000, 0x00000000d5580000)
  object space 86528K, 77% used [0x0000000080000000,0x00000000841b3408,0x0000000085480000)
 Metaspace       used 59315K, committed 60672K, reserved 1114112K
  class space    used 6302K, committed 6912K, reserved 1048576K
}
Event: 88.112 GC heap before
{Heap before GC invocations=86 (full 3):
 PSYoungGen      total 19968K, used 19926K [0x00000000d5580000, 0x00000000d6b80000, 0x0000000100000000)
  eden space 18944K, 100% used [0x00000000d5580000,0x00000000d6800000,0x00000000d6800000)
  from space 1024K, 95% used [0x00000000d6a80000,0x00000000d6b75a28,0x00000000d6b80000)
  to   space 1536K, 0% used [0x00000000d6880000,0x00000000d6880000,0x00000000d6a00000)
 ParOldGen       total 86528K, used 67277K [0x0000000080000000, 0x0000000085480000, 0x00000000d5580000)
  object space 86528K, 77% used [0x0000000080000000,0x00000000841b3408,0x0000000085480000)
 Metaspace       used 61452K, committed 62848K, reserved 1114112K
  class space    used 6516K, committed 7104K, reserved 1048576K
}
Event: 88.115 GC heap after
{Heap after GC invocations=86 (full 3):
 PSYoungGen      total 20480K, used 1351K [0x00000000d5580000, 0x00000000d6b00000, 0x0000000100000000)
  eden space 18944K, 0% used [0x00000000d5580000,0x00000000d5580000,0x00000000d6800000)
  from space 1536K, 87% used [0x00000000d6880000,0x00000000d69d1d80,0x00000000d6a00000)
  to   space 1024K, 0% used [0x00000000d6a00000,0x00000000d6a00000,0x00000000d6b00000)
 ParOldGen       total 86528K, used 67293K [0x0000000080000000, 0x0000000085480000, 0x00000000d5580000)
  object space 86528K, 77% used [0x0000000080000000,0x00000000841b7408,0x0000000085480000)
 Metaspace       used 61452K, committed 62848K, reserved 1114112K
  class space    used 6516K, committed 7104K, reserved 1048576K
}

Dll operation events (10 events):
Event: 0.013 Loaded shared library c:\Users\novad\.vscode\extensions\redhat.java-1.54.0-win32-x64\jre\21.0.10-win32-x86_64\bin\java.dll
Event: 0.073 Loaded shared library c:\Users\novad\.vscode\extensions\redhat.java-1.54.0-win32-x64\jre\21.0.10-win32-x86_64\bin\zip.dll
Event: 0.094 Loaded shared library C:\Users\novad\.vscode\extensions\redhat.java-1.54.0-win32-x64\jre\21.0.10-win32-x86_64\bin\instrument.dll
Event: 0.098 Loaded shared library C:\Users\novad\.vscode\extensions\redhat.java-1.54.0-win32-x64\jre\21.0.10-win32-x86_64\bin\net.dll
Event: 0.101 Loaded shared library C:\Users\novad\.vscode\extensions\redhat.java-1.54.0-win32-x64\jre\21.0.10-win32-x86_64\bin\nio.dll
Event: 0.104 Loaded shared library C:\Users\novad\.vscode\extensions\redhat.java-1.54.0-win32-x64\jre\21.0.10-win32-x86_64\bin\zip.dll
Event: 0.121 Loaded shared library C:\Users\novad\.vscode\extensions\redhat.java-1.54.0-win32-x64\jre\21.0.10-win32-x86_64\bin\jimage.dll
Event: 0.192 Loaded shared library c:\Users\novad\.vscode\extensions\redhat.java-1.54.0-win32-x64\jre\21.0.10-win32-x86_64\bin\verify.dll
Event: 19.276 Loaded shared library C:\Users\novad\AppData\Roaming\Code\User\globalStorage\redhat.java\1.54.0\config_win\org.eclipse.equinox.launcher\org.eclipse.equinox.launcher.win32.win32.x86_64_1.3.0.v20260203-2149\eclipse_11919.dll
Event: 47.917 Loaded shared library C:\Users\novad\AppData\Local\Temp\jna-105010616\jna17568915180175625862.dll

Deoptimization events (20 events):
Event: 841.119 Thread 0x00000166fbe772a0 Uncommon trap: trap_request=0xffffffbe fr.pc=0x00000166a48cb11c relative=0x0000000000000ddc
Event: 841.119 Thread 0x00000166fbe772a0 Uncommon trap: reason=profile_predicate action=maybe_recompile pc=0x00000166a48cb11c method=java.util.regex.Pattern$BnM.optimize(Ljava/util/regex/Pattern$Node;)Ljava/util/regex/Pattern$Node; @ 67 c2
Event: 841.119 Thread 0x00000166fbe772a0 DEOPT PACKING pc=0x00000166a48cb11c sp=0x0000000b4befe650
Event: 841.119 Thread 0x00000166fbe772a0 DEOPT UNPACKING pc=0x00000166a3bb3aa2 sp=0x0000000b4befe580 mode 2
Event: 5079.985 Thread 0x00000166fbe75860 Uncommon trap: trap_request=0xffffffd6 fr.pc=0x00000166a48ee9a0 relative=0x00000000000003c0
Event: 5079.985 Thread 0x00000166fbe75860 Uncommon trap: reason=array_check action=maybe_recompile pc=0x00000166a48ee9a0 method=java.util.TimSort.binarySort([Ljava/lang/Object;IIILjava/util/Comparator;)V @ 215 c2
Event: 5079.985 Thread 0x00000166fbe75860 DEOPT PACKING pc=0x00000166a48ee9a0 sp=0x0000000b4bdfecc0
Event: 5079.985 Thread 0x00000166fbe75860 DEOPT UNPACKING pc=0x00000166a3bb3aa2 sp=0x0000000b4bdfec80 mode 2
Event: 5304.842 Thread 0x00000166fbe751d0 Uncommon trap: trap_request=0xffffffd6 fr.pc=0x00000166a48ee9a0 relative=0x00000000000003c0
Event: 5304.842 Thread 0x00000166fbe751d0 Uncommon trap: reason=array_check action=maybe_recompile pc=0x00000166a48ee9a0 method=java.util.TimSort.binarySort([Ljava/lang/Object;IIILjava/util/Comparator;)V @ 215 c2
Event: 5304.842 Thread 0x00000166fbe751d0 DEOPT PACKING pc=0x00000166a48ee9a0 sp=0x0000000b4bdfe830
Event: 5304.842 Thread 0x00000166fbe751d0 DEOPT UNPACKING pc=0x00000166a3bb3aa2 sp=0x0000000b4bdfe7f0 mode 2
Event: 5310.263 Thread 0x00000166fbe751d0 Uncommon trap: trap_request=0xffffffd6 fr.pc=0x00000166a48ee9a0 relative=0x00000000000003c0
Event: 5310.263 Thread 0x00000166fbe751d0 Uncommon trap: reason=array_check action=maybe_recompile pc=0x00000166a48ee9a0 method=java.util.TimSort.binarySort([Ljava/lang/Object;IIILjava/util/Comparator;)V @ 215 c2
Event: 5310.263 Thread 0x00000166fbe751d0 DEOPT PACKING pc=0x00000166a48ee9a0 sp=0x0000000b4bdfe830
Event: 5310.263 Thread 0x00000166fbe751d0 DEOPT UNPACKING pc=0x00000166a3bb3aa2 sp=0x0000000b4bdfe7f0 mode 2
Event: 5485.828 Thread 0x00000166fbe751d0 Uncommon trap: trap_request=0xffffffd6 fr.pc=0x00000166a48ee9a0 relative=0x00000000000003c0
Event: 5485.828 Thread 0x00000166fbe751d0 Uncommon trap: reason=array_check action=maybe_recompile pc=0x00000166a48ee9a0 method=java.util.TimSort.binarySort([Ljava/lang/Object;IIILjava/util/Comparator;)V @ 215 c2
Event: 5485.828 Thread 0x00000166fbe751d0 DEOPT PACKING pc=0x00000166a48ee9a0 sp=0x0000000b4bdfeb40
Event: 5485.828 Thread 0x00000166fbe751d0 DEOPT UNPACKING pc=0x00000166a3bb3aa2 sp=0x0000000b4bdfeb00 mode 2

Classes loaded (20 events):
Event: 87.801 Loading class java/util/stream/Node$Builder$OfInt done
Event: 87.801 Loading class java/util/stream/Nodes$IntArrayNode
Event: 87.801 Loading class java/util/stream/Nodes$IntArrayNode done
Event: 87.802 Loading class java/util/stream/Nodes$IntFixedNodeBuilder done
Event: 87.802 Loading class java/util/stream/ReferencePipeline$4$1
Event: 87.802 Loading class java/util/stream/ReferencePipeline$4$1 done
Event: 87.995 Loading class java/util/Hashtable$ValueCollection
Event: 87.995 Loading class java/util/Hashtable$ValueCollection done
Event: 88.132 Loading class java/util/stream/DistinctOps
Event: 88.133 Loading class java/util/stream/DistinctOps done
Event: 88.133 Loading class java/util/stream/DistinctOps$1
Event: 88.133 Loading class java/util/stream/DistinctOps$1 done
Event: 88.151 Loading class java/util/stream/DistinctOps$1$2
Event: 88.151 Loading class java/util/stream/DistinctOps$1$2 done
Event: 88.423 Loading class java/nio/charset/CharacterCodingException
Event: 88.423 Loading class java/nio/charset/CharacterCodingException done
Event: 88.423 Loading class java/io/SequenceInputStream
Event: 88.423 Loading class java/io/SequenceInputStream done
Event: 841.040 Loading class javax/xml/transform/TransformerConfigurationException
Event: 841.040 Loading class javax/xml/transform/TransformerConfigurationException done

Classes unloaded (11 events):
Event: 49.077 Thread 0x00000166afec47a0 Unloading class 0x00000166b11a8c00 'java/lang/invoke/LambdaForm$MH+0x00000166b11a8c00'
Event: 49.077 Thread 0x00000166afec47a0 Unloading class 0x00000166b11a8800 'java/lang/invoke/LambdaForm$MH+0x00000166b11a8800'
Event: 49.077 Thread 0x00000166afec47a0 Unloading class 0x00000166b11a8400 'java/lang/invoke/LambdaForm$MH+0x00000166b11a8400'
Event: 49.077 Thread 0x00000166afec47a0 Unloading class 0x00000166b11a8000 'java/lang/invoke/LambdaForm$MH+0x00000166b11a8000'
Event: 49.077 Thread 0x00000166afec47a0 Unloading class 0x00000166b11a7c00 'java/lang/invoke/LambdaForm$BMH+0x00000166b11a7c00'
Event: 49.077 Thread 0x00000166afec47a0 Unloading class 0x00000166b11a7800 'java/lang/invoke/LambdaForm$DMH+0x00000166b11a7800'
Event: 49.077 Thread 0x00000166afec47a0 Unloading class 0x00000166b11a6400 'java/lang/invoke/LambdaForm$DMH+0x00000166b11a6400'
Event: 86.695 Thread 0x00000166afec47a0 Unloading class 0x00000166b16c8c00 'java/lang/invoke/LambdaForm$MH+0x00000166b16c8c00'
Event: 86.695 Thread 0x00000166afec47a0 Unloading class 0x00000166b16c8400 'java/lang/invoke/LambdaForm$MH+0x00000166b16c8400'
Event: 86.695 Thread 0x00000166afec47a0 Unloading class 0x00000166b1641c00 'java/lang/invoke/LambdaForm$DMH+0x00000166b1641c00'
Event: 86.695 Thread 0x00000166afec47a0 Unloading class 0x00000166b1641800 'java/lang/invoke/LambdaForm$DMH+0x00000166b1641800'

Classes redefined (0 events):
No events

Internal exceptions (20 events):
Event: 82.962 Thread 0x00000166f98bdbd0 Exception <a 'sun/nio/fs/WindowsException'{0x00000000d65c5fb0}> (0x00000000d65c5fb0) 
thrown [s\src\hotspot\share\prims\jni.cpp, line 520]
Event: 82.962 Thread 0x00000166f98bdbd0 Exception <a 'sun/nio/fs/WindowsException'{0x00000000d65d2bf0}> (0x00000000d65d2bf0) 
thrown [s\src\hotspot\share\prims\jni.cpp, line 520]
Event: 82.980 Thread 0x00000166f98bdbd0 Exception <a 'sun/nio/fs/WindowsException'{0x00000000d678dae8}> (0x00000000d678dae8) 
thrown [s\src\hotspot\share\prims\jni.cpp, line 520]
Event: 82.980 Thread 0x00000166f98bdbd0 Exception <a 'sun/nio/fs/WindowsException'{0x00000000d67be9d0}> (0x00000000d67be9d0) 
thrown [s\src\hotspot\share\prims\jni.cpp, line 520]
Event: 83.763 Thread 0x00000166f98be260 Exception <a 'java/lang/IncompatibleClassChangeError'{0x00000000d62e6660}: Found class java.lang.Object, but interface was expected> (0x00000000d62e6660) 
thrown [s\src\hotspot\share\interpreter\linkResolver.cpp, line 840]
Event: 84.640 Thread 0x00000166f34288b0 Exception <a 'java/lang/NoSuchMethodError'{0x00000000d6446448}: 'java.lang.Object java.lang.invoke.DirectMethodHandle$Holder.invokeSpecial(java.lang.Object, java.lang.Object, int, long)'> (0x00000000d6446448) 
thrown [s\src\hotspot\share\interpreter\linkResolver.cpp, line 773]
Event: 85.554 Thread 0x00000166f98be260 Exception <a 'java/lang/NoSuchMethodError'{0x00000000d5853ad0}: 'java.lang.Object java.lang.invoke.DirectMethodHandle$Holder.invokeVirtual(java.lang.Object, java.lang.Object, int)'> (0x00000000d5853ad0) 
thrown [s\src\hotspot\share\interpreter\linkResolver.cpp, line 773]
Event: 85.639 Thread 0x00000166f34288b0 Exception <a 'java/lang/LinkageError'{0x00000000d5ac3308}: loader lombok.launch.ShadowClassLoader @3a674fdb attempted duplicate class definition for lombok.launch.PatchFixesHider$Transform. (lombok.launch.PatchFixesHider$Transform is in unnamed module of loader lombok.launch.ShadowClassLoader @3a674fdb, parent loader org.eclipse.osgi.internal.loader.EquinoxClassLoader @10351b83)> (0x00000000d5ac3308) 
thrown [s\src\hotspot\share\classfile\systemDictionary.cpp, line 1672]
Event: 86.978 Thread 0x00000166f98be260 Exception <a 'java/lang/NoSuchMethodError'{0x00000000d5aa89a0}: 'int java.lang.invoke.DirectMethodHandle$Holder.invokeSpecialIFC(java.lang.Object, java.lang.Object, java.lang.Object)'> (0x00000000d5aa89a0) 
thrown [s\src\hotspot\share\interpreter\linkResolver.cpp, line 773]
Event: 88.043 Thread 0x00000166f34288b0 Exception <a 'java/lang/NoSuchMethodError'{0x00000000d66387c8}: 'java.lang.Object java.lang.invoke.DirectMethodHandle$Holder.invokeStatic(java.lang.Object, java.lang.Object, int, java.lang.Object)'> (0x00000000d66387c8) 
thrown [s\src\hotspot\share\interpreter\linkResolver.cpp, line 773]
Event: 88.044 Thread 0x00000166f34288b0 Exception <a 'java/lang/NoSuchMethodError'{0x00000000d663edf8}: 'java.lang.Object java.lang.invoke.DirectMethodHandle$Holder.newInvokeSpecial(java.lang.Object, java.lang.Object, int)'> (0x00000000d663edf8) 
thrown [s\src\hotspot\share\interpreter\linkResolver.cpp, line 773]
Event: 88.101 Thread 0x00000166f98be260 Implicit null exception at 0x00000166a483a478 to 0x00000166a483baf4
Event: 88.439 Thread 0x00000166f34288b0 Exception <a 'java/io/FileNotFoundException'{0x00000000d591ea80}> (0x00000000d591ea80) 
thrown [s\src\hotspot\share\prims\jni.cpp, line 520]
Event: 88.439 Thread 0x00000166f34288b0 Exception <a 'java/io/FileNotFoundException'{0x00000000d591f820}> (0x00000000d591f820) 
thrown [s\src\hotspot\share\prims\jni.cpp, line 520]
Event: 101.711 Thread 0x00000166f342a2f0 Exception <a 'sun/nio/fs/WindowsException'{0x00000000d5a44b68}> (0x00000000d5a44b68) 
thrown [s\src\hotspot\share\prims\jni.cpp, line 520]
Event: 101.711 Thread 0x00000166f342a2f0 Exception <a 'sun/nio/fs/WindowsException'{0x00000000d5a45198}> (0x00000000d5a45198) 
thrown [s\src\hotspot\share\prims\jni.cpp, line 520]
Event: 101.719 Thread 0x00000166f342a2f0 Exception <a 'sun/nio/fs/WindowsException'{0x00000000d5a5db50}> (0x00000000d5a5db50) 
thrown [s\src\hotspot\share\prims\jni.cpp, line 520]
Event: 101.719 Thread 0x00000166f342a2f0 Exception <a 'sun/nio/fs/WindowsException'{0x00000000d5a5e3e0}> (0x00000000d5a5e3e0) 
thrown [s\src\hotspot\share\prims\jni.cpp, line 520]
Event: 840.056 Thread 0x00000166f98ba750 Exception <a 'java/lang/IncompatibleClassChangeError'{0x00000000d5b34a28}: Found class java.lang.Object, but interface was expected> (0x00000000d5b34a28) 
thrown [s\src\hotspot\share\interpreter\linkResolver.cpp, line 840]
Event: 4986.883 Thread 0x00000166f98ba750 Exception <a 'java/lang/IncompatibleClassChangeError'{0x00000000d659dc30}: Found class java.lang.Object, but interface was expected> (0x00000000d659dc30) 
thrown [s\src\hotspot\share\interpreter\linkResolver.cpp, line 840]

ZGC Phase Switch (0 events):
No events

VM Operations (20 events):
Event: 7637.533 Executing non-safepoint VM operation: HandshakeAllThreads (HandshakeForDeflation)
Event: 7637.533 Executing non-safepoint VM operation: HandshakeAllThreads (HandshakeForDeflation) done
Event: 7637.533 Executing non-safepoint VM operation: RendezvousGCThreads
Event: 7637.533 Executing non-safepoint VM operation: RendezvousGCThreads done
Event: 7697.536 Executing non-safepoint VM operation: HandshakeAllThreads (HandshakeForDeflation)
Event: 7697.536 Executing non-safepoint VM operation: HandshakeAllThreads (HandshakeForDeflation) done
Event: 7697.536 Executing non-safepoint VM operation: RendezvousGCThreads
Event: 7697.536 Executing non-safepoint VM operation: RendezvousGCThreads done
Event: 7757.772 Executing non-safepoint VM operation: HandshakeAllThreads (HandshakeForDeflation)
Event: 7757.772 Executing non-safepoint VM operation: HandshakeAllThreads (HandshakeForDeflation) done
Event: 7757.772 Executing non-safepoint VM operation: RendezvousGCThreads
Event: 7757.772 Executing non-safepoint VM operation: RendezvousGCThreads done
Event: 7817.999 Executing non-safepoint VM operation: HandshakeAllThreads (HandshakeForDeflation)
Event: 7817.999 Executing non-safepoint VM operation: HandshakeAllThreads (HandshakeForDeflation) done
Event: 7817.999 Executing non-safepoint VM operation: RendezvousGCThreads
Event: 7817.999 Executing non-safepoint VM operation: RendezvousGCThreads done
Event: 7878.099 Executing non-safepoint VM operation: HandshakeAllThreads (HandshakeForDeflation)
Event: 7878.099 Executing non-safepoint VM operation: HandshakeAllThreads (HandshakeForDeflation) done
Event: 7878.099 Executing non-safepoint VM operation: RendezvousGCThreads
Event: 7878.099 Executing non-safepoint VM operation: RendezvousGCThreads done

Memory protections (0 events):
No events

Nmethod flushes (20 events):
Event: 86.730 Thread 0x00000166afec47a0 flushing  nmethod 0x000001669cfb9990
Event: 86.730 Thread 0x00000166afec47a0 flushing  nmethod 0x000001669cfc0010
Event: 86.730 Thread 0x00000166afec47a0 flushing  nmethod 0x000001669cfed410
Event: 86.730 Thread 0x00000166afec47a0 flushing  nmethod 0x000001669cfeea10
Event: 86.730 Thread 0x00000166afec47a0 flushing  nmethod 0x000001669cfeee90
Event: 86.730 Thread 0x00000166afec47a0 flushing  nmethod 0x000001669cfef290
Event: 86.730 Thread 0x00000166afec47a0 flushing  nmethod 0x000001669cff0610
Event: 86.730 Thread 0x00000166afec47a0 flushing  nmethod 0x000001669cff0a10
Event: 86.730 Thread 0x00000166afec47a0 flushing  nmethod 0x000001669cff8d90
Event: 86.730 Thread 0x00000166afec47a0 flushing  nmethod 0x000001669cfff290
Event: 86.730 Thread 0x00000166afec47a0 flushing  nmethod 0x000001669cfff890
Event: 86.730 Thread 0x00000166afec47a0 flushing  nmethod 0x000001669cfffe90
Event: 86.730 Thread 0x00000166afec47a0 flushing  nmethod 0x000001669d000490
Event: 86.730 Thread 0x00000166afec47a0 flushing  nmethod 0x000001669d000890
Event: 86.730 Thread 0x00000166afec47a0 flushing  nmethod 0x000001669d001e10
Event: 86.730 Thread 0x00000166afec47a0 flushing  nmethod 0x000001669d002290
Event: 86.730 Thread 0x00000166afec47a0 flushing  nmethod 0x000001669d002710
Event: 86.730 Thread 0x00000166afec47a0 flushing  nmethod 0x000001669d030310
Event: 86.730 Thread 0x00000166afec47a0 flushing  nmethod 0x000001669d04ca10
Event: 86.730 Thread 0x00000166afec47a0 flushing osr nmethod 0x000001669d04e010

Events (20 events):
Event: 221.725 Thread 0x00000166f98bdbd0 Thread exited: 0x00000166f98bdbd0
Event: 281.730 Thread 0x00000166f98bd540 Thread exited: 0x00000166f98bd540
Event: 341.745 Thread 0x00000166fbe76c10 Thread exited: 0x00000166fbe76c10
Event: 401.754 Thread 0x00000166fbe744b0 Thread exited: 0x00000166fbe744b0
Event: 461.765 Thread 0x00000166fbe751d0 Thread exited: 0x00000166fbe751d0
Event: 521.770 Thread 0x00000166fbe75ef0 Thread exited: 0x00000166fbe75ef0
Event: 581.785 Thread 0x00000166fbe74b40 Thread exited: 0x00000166fbe74b40
Event: 641.797 Thread 0x00000166f98be8f0 Thread exited: 0x00000166f98be8f0
Event: 701.803 Thread 0x00000166fbe772a0 Thread exited: 0x00000166fbe772a0
Event: 761.804 Thread 0x00000166fbe75860 Thread exited: 0x00000166fbe75860
Event: 841.028 Thread 0x00000166f98ba750 Thread added: 0x00000166fbe772a0
Event: 901.131 Thread 0x00000166fbe772a0 Thread exited: 0x00000166fbe772a0
Event: 4986.893 Thread 0x00000166f98ba750 Thread added: 0x00000166fbe74b40
Event: 5061.406 Thread 0x00000166fbe74b40 Thread exited: 0x00000166fbe74b40
Event: 5079.983 Thread 0x00000166f98ba750 Thread added: 0x00000166fbe75860
Event: 5139.995 Thread 0x00000166fbe75860 Thread exited: 0x00000166fbe75860
Event: 5304.840 Thread 0x00000166f98ba750 Thread added: 0x00000166fbe751d0
Event: 5370.271 Thread 0x00000166fbe751d0 Thread exited: 0x00000166fbe751d0
Event: 5485.820 Thread 0x00000166f98ba750 Thread added: 0x00000166fbe751d0
Event: 5545.848 Thread 0x00000166fbe751d0 Thread exited: 0x00000166fbe751d0


Dynamic libraries:
0x00007ff7632a0000 - 0x00007ff7632ae000 	c:\Users\novad\.vscode\extensions\redhat.java-1.54.0-win32-x64\jre\21.0.10-win32-x86_64\bin\java.exe
0x00007ffecce80000 - 0x00007ffecd0e7000 	C:\WINDOWS\SYSTEM32\ntdll.dll
0x00007ffecb850000 - 0x00007ffecb919000 	C:\WINDOWS\System32\KERNEL32.DLL
0x00007ffec9ae0000 - 0x00007ffec9ed7000 	C:\WINDOWS\System32\KERNELBASE.dll
0x00007ffec9990000 - 0x00007ffec9adb000 	C:\WINDOWS\System32\ucrtbase.dll
0x00007ffeb6b00000 - 0x00007ffeb6b1e000 	c:\Users\novad\.vscode\extensions\redhat.java-1.54.0-win32-x64\jre\21.0.10-win32-x86_64\bin\VCRUNTIME140.dll
0x00007ffeb6b20000 - 0x00007ffeb6b38000 	c:\Users\novad\.vscode\extensions\redhat.java-1.54.0-win32-x64\jre\21.0.10-win32-x86_64\bin\jli.dll
0x00007ffecc660000 - 0x00007ffecc826000 	C:\WINDOWS\System32\USER32.dll
0x00007ffec98b0000 - 0x00007ffec98d7000 	C:\WINDOWS\System32\win32u.dll
0x00007ffecc9b0000 - 0x00007ffecc9db000 	C:\WINDOWS\System32\GDI32.dll
0x00007ffe9e450000 - 0x00007ffe9e6e2000 	C:\WINDOWS\WinSxS\amd64_microsoft.windows.common-controls_6595b64144ccf1df_6.0.26100.8457_none_3e0b2faee331e92d\COMCTL32.dll
0x00007ffeca8d0000 - 0x00007ffeca9fc000 	C:\WINDOWS\System32\gdi32full.dll
0x00007ffecaac0000 - 0x00007ffecab63000 	C:\WINDOWS\System32\msvcp_win.dll
0x00007ffeccd80000 - 0x00007ffecce29000 	C:\WINDOWS\System32\msvcrt.dll
0x00007ffecc970000 - 0x00007ffecc9a2000 	C:\WINDOWS\System32\IMM32.DLL
0x00007ffec3690000 - 0x00007ffec369c000 	c:\Users\novad\.vscode\extensions\redhat.java-1.54.0-win32-x64\jre\21.0.10-win32-x86_64\bin\vcruntime140_1.dll
0x00007ffe76880000 - 0x00007ffe7690d000 	c:\Users\novad\.vscode\extensions\redhat.java-1.54.0-win32-x64\jre\21.0.10-win32-x86_64\bin\msvcp140.dll
0x00007ffde4190000 - 0x00007ffde4f31000 	c:\Users\novad\.vscode\extensions\redhat.java-1.54.0-win32-x64\jre\21.0.10-win32-x86_64\bin\server\jvm.dll
0x00007ffecc5a0000 - 0x00007ffecc656000 	C:\WINDOWS\System32\ADVAPI32.dll
0x00007ffeccc40000 - 0x00007ffeccce7000 	C:\WINDOWS\System32\sechost.dll
0x00007ffecadd0000 - 0x00007ffecaee8000 	C:\WINDOWS\System32\RPCRT4.dll
0x00007ffecac00000 - 0x00007ffecac80000 	C:\WINDOWS\System32\WS2_32.dll
0x00007ffec8470000 - 0x00007ffec84ce000 	C:\WINDOWS\SYSTEM32\POWRPROF.dll
0x00007ffebb380000 - 0x00007ffebb3b6000 	C:\WINDOWS\SYSTEM32\WINMM.dll
0x00007ffec0640000 - 0x00007ffec064b000 	C:\WINDOWS\SYSTEM32\VERSION.dll
0x00007ffec8450000 - 0x00007ffec8464000 	C:\WINDOWS\SYSTEM32\UMPDC.dll
0x00007ffec8720000 - 0x00007ffec873b000 	C:\WINDOWS\SYSTEM32\kernel.appcore.dll
0x00007ffebe370000 - 0x00007ffebe37a000 	c:\Users\novad\.vscode\extensions\redhat.java-1.54.0-win32-x64\jre\21.0.10-win32-x86_64\bin\jimage.dll
0x00007ffec7860000 - 0x00007ffec7aa2000 	C:\WINDOWS\SYSTEM32\DBGHELP.DLL
0x00007ffecbac0000 - 0x00007ffecbe43000 	C:\WINDOWS\System32\combase.dll
0x00007ffecc4c0000 - 0x00007ffecc599000 	C:\WINDOWS\System32\OLEAUT32.dll
0x00007ffe9f410000 - 0x00007ffe9f44b000 	C:\WINDOWS\SYSTEM32\dbgcore.DLL
0x00007ffec98e0000 - 0x00007ffec9988000 	C:\WINDOWS\System32\bcryptPrimitives.dll
0x00007ffebdef0000 - 0x00007ffebdeff000 	c:\Users\novad\.vscode\extensions\redhat.java-1.54.0-win32-x64\jre\21.0.10-win32-x86_64\bin\instrument.dll
0x00007ffeb6ae0000 - 0x00007ffeb6b00000 	c:\Users\novad\.vscode\extensions\redhat.java-1.54.0-win32-x64\jre\21.0.10-win32-x86_64\bin\java.dll
0x00007ffecaef0000 - 0x00007ffecb65e000 	C:\WINDOWS\System32\SHELL32.dll
0x00007ffec9ee0000 - 0x00007ffeca74c000 	C:\WINDOWS\System32\windows.storage.dll
0x00007ffeccb40000 - 0x00007ffeccc36000 	C:\WINDOWS\System32\SHCORE.dll
0x00007ffecca10000 - 0x00007ffecca76000 	C:\WINDOWS\System32\shlwapi.dll
0x00007ffec97d0000 - 0x00007ffec97f9000 	C:\WINDOWS\SYSTEM32\profapi.dll
0x00007ffeb7e40000 - 0x00007ffeb7e58000 	c:\Users\novad\.vscode\extensions\redhat.java-1.54.0-win32-x64\jre\21.0.10-win32-x86_64\bin\zip.dll
0x00007ffebda70000 - 0x00007ffebda80000 	C:\Users\novad\.vscode\extensions\redhat.java-1.54.0-win32-x64\jre\21.0.10-win32-x86_64\bin\net.dll
0x00007ffebe7e0000 - 0x00007ffebe909000 	C:\WINDOWS\SYSTEM32\WINHTTP.dll
0x00007ffec8c70000 - 0x00007ffec8cdc000 	C:\WINDOWS\system32\mswsock.dll
0x00007ffeb7370000 - 0x00007ffeb7386000 	C:\Users\novad\.vscode\extensions\redhat.java-1.54.0-win32-x64\jre\21.0.10-win32-x86_64\bin\nio.dll
0x00007ffebd720000 - 0x00007ffebd730000 	c:\Users\novad\.vscode\extensions\redhat.java-1.54.0-win32-x64\jre\21.0.10-win32-x86_64\bin\verify.dll
0x00007ffeb6db0000 - 0x00007ffeb6df5000 	C:\Users\novad\AppData\Roaming\Code\User\globalStorage\redhat.java\1.54.0\config_win\org.eclipse.equinox.launcher\org.eclipse.equinox.launcher.win32.win32.x86_64_1.3.0.v20260203-2149\eclipse_11919.dll
0x00007ffecb920000 - 0x00007ffecbab7000 	C:\WINDOWS\System32\ole32.dll
0x00007ffec9070000 - 0x00007ffec908b000 	C:\WINDOWS\SYSTEM32\CRYPTSP.dll
0x00007ffec8680000 - 0x00007ffec86b9000 	C:\WINDOWS\system32\rsaenh.dll
0x00007ffec8d20000 - 0x00007ffec8d53000 	C:\WINDOWS\SYSTEM32\USERENV.dll
0x00007ffec97a0000 - 0x00007ffec97ca000 	C:\WINDOWS\SYSTEM32\bcrypt.dll
0x00007ffec8ed0000 - 0x00007ffec8edc000 	C:\WINDOWS\SYSTEM32\CRYPTBASE.dll
0x00007ffec80d0000 - 0x00007ffec8102000 	C:\WINDOWS\SYSTEM32\IPHLPAPI.DLL
0x00007ffecce30000 - 0x00007ffecce3a000 	C:\WINDOWS\System32\NSI.dll
0x00007ffeb6d60000 - 0x00007ffeb6da9000 	C:\Users\novad\AppData\Local\Temp\jna-105010616\jna17568915180175625862.dll
0x00007ffecadc0000 - 0x00007ffecadc8000 	C:\WINDOWS\System32\PSAPI.DLL
0x00007ffebe2e0000 - 0x00007ffebe2fd000 	C:\WINDOWS\SYSTEM32\dhcpcsvc6.DLL
0x00007ffebe2b0000 - 0x00007ffebe2d5000 	C:\WINDOWS\SYSTEM32\dhcpcsvc.DLL

JVMTI agents:
c:\Users\novad\.vscode\extensions\redhat.java-1.54.0-win32-x64\lombok\lombok-1.18.39-4050.jar path:c:\Users\novad\.vscode\extensions\redhat.java-1.54.0-win32-x64\jre\21.0.10-win32-x86_64\bin\instrument.dll, loaded, initialized, instrumentlib options:none

dbghelp: loaded successfully - version: 4.0.5 - missing functions: none
symbol engine: initialized successfully - sym options: 0x614 - pdb path: .;c:\Users\novad\.vscode\extensions\redhat.java-1.54.0-win32-x64\jre\21.0.10-win32-x86_64\bin;C:\WINDOWS\SYSTEM32;C:\WINDOWS\WinSxS\amd64_microsoft.windows.common-controls_6595b64144ccf1df_6.0.26100.8457_none_3e0b2faee331e92d;c:\Users\novad\.vscode\extensions\redhat.java-1.54.0-win32-x64\jre\21.0.10-win32-x86_64\bin\server;C:\Users\novad\AppData\Roaming\Code\User\globalStorage\redhat.java\1.54.0\config_win\org.eclipse.equinox.launcher\org.eclipse.equinox.launcher.win32.win32.x86_64_1.3.0.v20260203-2149;C:\Users\novad\AppData\Local\Temp\jna-105010616

VM Arguments:
jvm_args: --add-modules=ALL-SYSTEM --add-opens=java.base/java.util=ALL-UNNAMED --add-opens=java.base/java.lang=ALL-UNNAMED --add-opens=java.base/sun.nio.fs=ALL-UNNAMED -Declipse.application=org.eclipse.jdt.ls.core.id1 -Dosgi.bundles.defaultStartLevel=4 -Declipse.product=org.eclipse.jdt.ls.core.product -Djava.import.generatesMetadataFilesAtProjectRoot=false -DDetectVMInstallationsJob.disabled=true -Dfile.encoding=utf8 -XX:+UseParallelGC -XX:GCTimeRatio=4 -XX:AdaptiveSizePolicyWeight=90 -Dsun.zip.disableMemoryMapping=true -Xmx2G -Xms100m -Xlog:disable -javaagent:c:\Users\novad\.vscode\extensions\redhat.java-1.54.0-win32-x64\lombok\lombok-1.18.39-4050.jar -XX:+HeapDumpOnOutOfMemoryError -XX:HeapDumpPath=c:\Users\novad\AppData\Roaming\Code\User\workspaceStorage\581c4fbca0d7b61cfb88c04020745edc\redhat.java -Daether.dependencyCollector.impl=bf 
java_command: c:\Users\novad\.vscode\extensions\redhat.java-1.54.0-win32-x64\server\plugins\org.eclipse.equinox.launcher_1.7.100.v20251111-0406.jar -configuration c:\Users\novad\AppData\Roaming\Code\User\globalStorage\redhat.java\1.54.0\config_win -data c:\Users\novad\AppData\Roaming\Code\User\workspaceStorage\581c4fbca0d7b61cfb88c04020745edc\redhat.java\jdt_ws --pipe=\\.\pipe\lsp-7b2cf10c4ffdff4c35489fdfa57e06d3-sock
java_class_path (initial): c:\Users\novad\.vscode\extensions\redhat.java-1.54.0-win32-x64\server\plugins\org.eclipse.equinox.launcher_1.7.100.v20251111-0406.jar
Launcher Type: SUN_STANDARD

[Global flags]
    uintx AdaptiveSizePolicyWeight                 = 90                                        {product} {command line}
     intx CICompilerCount                          = 4                                         {product} {ergonomic}
    uintx GCTimeRatio                              = 4                                         {product} {command line}
     bool HeapDumpOnOutOfMemoryError               = true                                   {manageable} {command line}
    ccstr HeapDumpPath                             = c:\Users\novad\AppData\Roaming\Code\User\workspaceStorage\581c4fbca0d7b61cfb88c04020745edc\redhat.java         {manageable} {command line}
   size_t InitialHeapSize                          = 104857600                                 {product} {command line}
   size_t MaxHeapSize                              = 2147483648                                {product} {command line}
   size_t MaxNewSize                               = 715653120                                 {product} {ergonomic}
   size_t MinHeapDeltaBytes                        = 524288                                    {product} {ergonomic}
   size_t MinHeapSize                              = 104857600                                 {product} {command line}
   size_t NewSize                                  = 34603008                                  {product} {ergonomic}
    uintx NonNMethodCodeHeapSize                   = 5839372                                {pd product} {ergonomic}
    uintx NonProfiledCodeHeapSize                  = 122909434                              {pd product} {ergonomic}
   size_t OldSize                                  = 70254592                                  {product} {ergonomic}
    uintx ProfiledCodeHeapSize                     = 122909434                              {pd product} {ergonomic}
    uintx ReservedCodeCacheSize                    = 251658240                              {pd product} {ergonomic}
     bool SegmentedCodeCache                       = true                                      {product} {ergonomic}
   size_t SoftMaxHeapSize                          = 2147483648                             {manageable} {ergonomic}
     bool UseCompressedOops                        = true                           {product lp64_product} {ergonomic}
     bool UseLargePagesIndividualAllocation        = false                                  {pd product} {ergonomic}
     bool UseParallelGC                            = true                                      {product} {command line}

Logging:
Log output configuration:
 #0: stdout all=off uptime,level,tags foldmultilines=false
 #1: stderr all=off uptime,level,tags foldmultilines=false

Release file:
JAVA_VERSION="21.0.10" 
MODULES="java.base java.compiler java.datatransfer java.xml java.prefs java.desktop java.instrument java.logging java.management java.security.sasl java.naming java.rmi java.management.rmi java.net.http java.scripting java.security.jgss java.transaction.xa java.sql java.sql.rowset java.xml.crypto java.se java.smartcardio jdk.accessibility jdk.internal.jvmstat jdk.attach jdk.charsets jdk.internal.opt jdk.zipfs jdk.compiler jdk.crypto.ec jdk.crypto.cryptoki jdk.crypto.mscapi jdk.dynalink jdk.internal.ed jdk.editpad jdk.hotspot.agent jdk.httpserver jdk.internal.le jdk.internal.vm.ci jdk.internal.vm.compiler jdk.internal.vm.compiler.management jdk.jartool jdk.javadoc jdk.jcmd jdk.management jdk.management.agent jdk.jconsole jdk.jdeps jdk.jdwp.agent jdk.jdi jdk.jfr jdk.jshell jdk.jsobject jdk.jstatd jdk.localedata jdk.management.jfr jdk.naming.dns jdk.naming.rmi jdk.net jdk.nio.mapmode jdk.random jdk.sctp jdk.security.auth jdk.security.jgss jdk.unsupported jdk.unsupported.desktop jdk.xml.dom" 

Environment Variables:
JAVA_HOME=C:\Program Files\Java\bin
PATH=C:\Program Files\Common Files\Oracle\Java\javapath;C:\WINDOWS\system32;C:\WINDOWS;C:\WINDOWS\System32\Wbem;C:\WINDOWS\System32\WindowsPowerShell\v1.0\;C:\WINDOWS\System32\OpenSSH\;C:\Program Files (x86)\NVIDIA Corporation\PhysX\Common;C:\Program Files\NVIDIA Corporation\NVIDIA App\NvDLISR;C:\Program Files\nodejs\;C:\Program Files\Git\cmd;C:\Program Files (x86)\ZeroTier\One\;C:\Program Files\Docker\Docker\resources\bin;C:\Users\novad\AppData\Local\Programs\Python\Python312\;C:\Users\novad\AppData\Local\Programs\Python\Python312\Scripts\;C:\Users\novad\AppData\Local\Programs\Microsoft VS Code\bin
USERNAME=novad
OS=Windows_NT
PROCESSOR_IDENTIFIER=Intel64 Family 6 Model 186 Stepping 2, GenuineIntel
TMP=C:\Users\novad\AppData\Local\Temp
TEMP=C:\Users\novad\AppData\Local\Temp




Periodic native trim disabled

---------------  S Y S T E M  ---------------

OS:
 Windows 11 , 64 bit Build 26100 (10.0.26100.8328)
OS uptime: 0 days 3:56 hours
Hyper-V role detected

CPU: total 12 (initial active 12) (6 cores per cpu, 2 threads per core) family 6 model 186 stepping 2 microcode 0x5103, cx8, cmov, fxsr, ht, mmx, 3dnowpref, sse, sse2, sse3, ssse3, sse4.1, sse4.2, popcnt, lzcnt, tsc, tscinvbit, avx, avx2, aes, erms, clmul, bmi1, bmi2, adx, sha, fma, vzeroupper, clflush, clflushopt, clwb, hv, serialize, rdtscp, rdpid, fsrm, f16c, cet_ibt, cet_ss
Processor Information for processor 0
  Max Mhz: 2100, Current Mhz: 2100, Mhz Limit: 2100
Processor Information for processor 1
  Max Mhz: 2100, Current Mhz: 2100, Mhz Limit: 2100
Processor Information for processor 2
  Max Mhz: 2100, Current Mhz: 2100, Mhz Limit: 2100
Processor Information for processor 3
  Max Mhz: 2100, Current Mhz: 2100, Mhz Limit: 2100
Processor Information for processor 4
  Max Mhz: 2100, Current Mhz: 2100, Mhz Limit: 2100
Processor Information for processor 5
  Max Mhz: 2100, Current Mhz: 2100, Mhz Limit: 2100
Processor Information for processor 6
  Max Mhz: 2100, Current Mhz: 2100, Mhz Limit: 2100
Processor Information for processor 7
  Max Mhz: 2100, Current Mhz: 2100, Mhz Limit: 2100
Processor Information for processor 8
  Max Mhz: 2100, Current Mhz: 2100, Mhz Limit: 2100
Processor Information for processor 9
  Max Mhz: 2100, Current Mhz: 2100, Mhz Limit: 2100
Processor Information for processor 10
  Max Mhz: 2100, Current Mhz: 2100, Mhz Limit: 2100
Processor Information for processor 11
  Max Mhz: 2100, Current Mhz: 1540, Mhz Limit: 2100

Memory: 4k page, system-wide physical 16087M (582M free)
TotalPageFile size 27703M (AvailPageFile size 96M)
current process WorkingSet (physical memory assigned to process): 19M, peak: 342M
current process commit charge ("private bytes"): 390M, peak: 419M

vm_info: OpenJDK 64-Bit Server VM (21.0.10+7-LTS) for windows-amd64 JRE (21.0.10+7-LTS), built on 2026-01-20T00:00:00Z by "admin" with MS VC++ 17.12 (VS2022)

END.
